Collected 1 tests (*)

Processing * in esp32dev environment
-------------------------------------------------------------------------------------------------------------------------------------------------------------------------

Building & Uploading...

Testing...
If you don't see any output for the first 10 secs, please reset board (press reset button)

ets Jul 29 2019 12:21:46

rst:0x1 (POWERON_RESET),boot:0x13 (SPI_FAST_FLASH_BOOT)
configsip: 0, SPIWP:0xee
clk_drv:0x00,q_drv:0x00,d_drv:0x00,cs0_drv:0x00,hd_drv:0x00,wp_drv:0x00
mode:DIO, clock div:2
load:0x3fff0030,len:7176
load:0x40078000,len:15564
ho 0 tail 12 room 4
load:0x40080400,len:4
load:0x40080404,len:3904
entry 0x40080638
I (31) boot: ESP-IDF 5.3.1 2nd stage bootloader
I (31) boot: compile time Dec  9 2024 21:56:53
I (31) boot: Multicore bootloader
I (35) boot: chip revision: v3.0
I (39) boot.esp32: SPI Speed      : 40MHz
I (44) boot.esp32: SPI Mode       : DIO
I (48) boot.esp32: SPI Flash Size : 4MB
I (53) boot: Enabling RNG early entropy source...
I (58) boot: Partition Table:
I (62) boot: ## Label            Usage          Type ST Offset   Length
I (69) boot:  0 nvs              WiFi data        01 02 00009000 00006000
I (77) boot:  1 phy_init         RF data          01 01 0000f000 00001000
I (84) boot:  2 factory          factory app      00 00 00010000 00100000
I (92) boot: End of partition table
I (96) esp_image: segment 0: paddr=00010020 vaddr=3f400020 size=0a5e0h ( 42464) map
I (119) esp_image: segment 1: paddr=0001a608 vaddr=3ffb0000 size=023c0h (  9152) load
I (122) esp_image: segment 2: paddr=0001c9d0 vaddr=40080000 size=03648h ( 13896) load
I (130) esp_image: segment 3: paddr=00020020 vaddr=400d0020 size=16d78h ( 93560) map
I (165) esp_image: segment 4: paddr=00036da0 vaddr=40083648 size=097c4h ( 38852) load
I (187) boot: Loaded app from partition at offset 0x10000
I (187) boot: Disabling RNG early entropy source...
I (199) cpu_start: Multicore app
I (207) cpu_start: Pro cpu start user code
I (207) cpu_start: cpu freq: 160000000 Hz
I (208) app_init: Application information:
I (210) app_init: Project name:     Crawler-Q-Learning
I (216) app_init: App version:      1acee3a-dirty
I (222) app_init: Compile time:     Dec  9 2024 21:56:41
I (228) app_init: ELF file SHA256:  73012dbd7...
I (233) app_init: ESP-IDF:          5.3.1
I (238) efuse_init: Min chip rev:     v0.0
I (242) efuse_init: Max chip rev:     v3.99 
I (247) efuse_init: Chip rev:         v3.0
I (252) heap_init: Initializing. RAM available for dynamic allocation:
I (259) heap_init: At 3FFAE6E0 len 00001920 (6 KiB): DRAM
I (265) heap_init: At 3FFB2D88 len 0002D278 (180 KiB): DRAM
I (272) heap_init: At 3FFE0440 len 00003AE0 (14 KiB): D/IRAM
I (278) heap_init: At 3FFE4350 len 0001BCB0 (111 KiB): D/IRAM
I (284) heap_init: At 4008CE0C len 000131F4 (76 KiB): IRAM
I (292) spi_flash: detected chip: generic
I (295) spi_flash: flash io: dio
I (300) main_task: Started on CPU0
I (310) main_task: Calling app_main()
I (310) gpio: GPIO[16]| InputEn: 1| OutputEn: 0| OpenDrain: 0| Pullup: 1| Pulldown: 0| Intr:2 
test/test_main_encoders_servos.c:326:test_encoder_init:PASS
I (330) gpio: GPIO[16]| InputEn: 1| OutputEn: 0| OpenDrain: 0| Pullup: 1| Pulldown: 0| Intr:2 
E (330) gpio: gpio_install_isr_service(502): GPIO isr service already installed
test/test_main_encoders_servos.c:327:test_encoder_get_count:PASS
I (350) gpio: GPIO[16]| InputEn: 1| OutputEn: 0| OpenDrain: 0| Pullup: 1| Pulldown: 0| Intr:2 
E (350) gpio: gpio_install_isr_service(502): GPIO isr service already installed
test/test_main_encoders_servos.c:328:test_encoder_reset_count:PASS
I (380) gpio: GPIO[16]| InputEn: 1| OutputEn: 0| OpenDrain: 0| Pullup: 1| Pulldown: 0| Intr:2 
E (380) gpio: gpio_install_isr_service(502): GPIO isr service already installed
test/test_main_encoders_servos.c:115:test_calcular_disparidad:FAIL: Expected 50 Was 33
I (410) gpio: GPIO[16]| InputEn: 1| OutputEn: 0| OpenDrain: 0| Pullup: 1| Pulldown: 0| Intr:2 
E (410) gpio: gpio_install_isr_service(502): GPIO isr service already installed
Contador real: 10 
Contador final (divido por 2): 5 
test/test_main_encoders_servos.c:120:test_encoder_get_reward:FAIL: Expected 0.5 Was 1
I (440) gpio: GPIO[16]| InputEn: 1| OutputEn: 0| OpenDrain: 0| Pullup: 1| Pulldown: 0| Intr:2 
E (440) gpio: gpio_install_isr_service(502): GPIO isr service already installed
test/test_main_encoders_servos.c:331:test_set_servo_pulse:PASS
I (470) gpio: GPIO[16]| InputEn: 1| OutputEn: 0| OpenDrain: 0| Pullup: 1| Pulldown: 0| Intr:2 
E (470) gpio: gpio_install_isr_service(502): GPIO isr service already installed
test/test_main_encoders_servos.c:332:test_process_move_shoulder:PASS
I (490) gpio: GPIO[16]| InputEn: 1| OutputEn: 0| OpenDrain: 0| Pullup: 1| Pulldown: 0| Intr:2 
E (490) gpio: gpio_install_isr_service(502): GPIO isr service already installed
test/test_main_encoders_servos.c:333:test_process_move_elbow:PASS
I (520) gpio: GPIO[16]| InputEn: 1| OutputEn: 0| OpenDrain: 0| Pullup: 1| Pulldown: 0| Intr:2 
E (520) gpio: gpio_install_isr_service(502): GPIO isr service already installed
test/test_main_encoders_servos.c:334:test_set_pos:PASS

-----------------------
9 Tests 2 Failures 0 Ignored 
FAIL

---------------------------------------------------------------- esp32dev:* [FAILED] Took 10.02 seconds ----------------------------------------------------------------

================================================================================ SUMMARY ================================================================================
Environment    Test    Status    Duration
-------------  ------  --------  ------------
esp32dev       *       FAILED    00:00:10.015

______________________________________________________________________________ esp32dev:* ______________________________________________________________________________
test/test_main_encoders_servos.c:115:test_calcular_disparidad:FAIL: Expected 50 Was 33

test/test_main_encoders_servos.c:120:test_encoder_get_reward:FAIL: Expected 0.5 Was 1

========================================================== 9 test cases: 2 failed, 7 succeeded in 00:00:10.015 ==========================================================